******************************************************************************
                  TI ARM Linker PC v16.9.6                     
******************************************************************************
>> Linked Sat Feb 03 16:26:18 2018

OUTPUT FILE NAME:   <mmio.out>
ENTRY POINT SYMBOL: "_c_int00"  address: 000025e9


MEMORY CONFIGURATION

         name            origin    length      used     unused   attr    fill
----------------------  --------  ---------  --------  --------  ----  --------
  FLASH                 00000000   00040000  00002a23  0003d5dd  R  X
  SRAM                  20000000   00008000  00000473  00007b8d  RW X


SEGMENT ALLOCATION MAP

run origin  load origin   length   init length attrs members
----------  ----------- ---------- ----------- ----- -------
00000000    00000000    00002a28   00002a28    r-x
  00000000    00000000    0000026c   0000026c    r-- .intvecs
  0000026c    0000026c    00002676   00002676    r-x .text
  000028e2    000028e2    00000109   00000109    r-- .const
  000029f0    000029f0    00000038   00000038    r-- .cinit
20000000    20000000    00000476   00000000    rw-
  20000000    20000000    00000400   00000000    rw- .stack
  20000400    20000400    00000055   00000000    rw- .bss
  20000458    20000458    0000001e   00000000    rw- .data


SECTION ALLOCATION MAP

 output                                  attributes/
section   page    origin      length       input sections
--------  ----  ----------  ----------   ----------------
.intvecs   0    00000000    0000026c     
                  00000000    0000026c     tm4c123gh6pm_startup_ccs.obj (.intvecs)

.text      0    0000026c    00002676     
                  0000026c    0000113e     rtsv7M4_T_le_v4SPD16_eabi.lib : _printfi.obj (.text)
                  000013aa    00000002                                   : mpu_init.obj (.text)
                  000013ac    00000334     lcd_stepper.obj (.text)
                  000016e0    000001f4     rtsv7M4_T_le_v4SPD16_eabi.lib : ull_div_t2.obj (.text)
                  000018d4    000001f0     lab3_template.obj (.text)
                  00001ac4    000001b6     rtsv7M4_T_le_v4SPD16_eabi.lib : fd_add_t2.obj (.text)
                  00001c7a    00000002                                   : startup.obj (.text)
                  00001c7c    00000158     Timer.obj (.text)
                  00001dd4    00000136     rtsv7M4_T_le_v4SPD16_eabi.lib : fd_div_t2.obj (.text)
                  00001f0a    00000002     --HOLE-- [fill = 0]
                  00001f0c    000000fc     button.obj (.text)
                  00002008    000000fc     rtsv7M4_T_le_v4SPD16_eabi.lib : fd_mul_t2.obj (.text)
                  00002104    000000fc                                   : s_scalbn.obj (.text)
                  00002200    0000009c                                   : memcpy_t2.obj (.text)
                  0000229c    00000088                                   : vsnprintf.obj (.text)
                  00002324    00000086                                   : fd_cmp_t2.obj (.text:__aeabi_cdcmple)
                  000023aa    00000086                                   : fd_cmp_t2.obj (.text:__aeabi_cdrcmple)
                  00002430    0000007a                                   : memset_t2.obj (.text)
                  000024aa    00000002     --HOLE-- [fill = 0]
                  000024ac    00000070                                   : autoinit.obj (.text)
                  0000251c    00000068                                   : copy_decompress_lzss.obj (.text:decompress:lzss)
                  00002584    00000064                                   : s_frexp.obj (.text)
                  000025e8    00000054                                   : boot.obj (.text)
                  0000263c    00000054                                   : exit.obj (.text)
                  00002690    00000054                                   : ltoa.obj (.text)
                  000026e4    0000004c                                   : atoi.obj (.text)
                  00002730    0000004c                                   : cpy_tbl.obj (.text)
                  0000277c    00000048                                   : fd_toi_t2.obj (.text)
                  000027c4    0000002e                                   : i_tofd_t2.obj (.text)
                  000027f2    0000001c                                   : memccpy.obj (.text)
                  0000280e    00000002     --HOLE-- [fill = 0]
                  00002810    00000018                                   : args_main.obj (.text)
                  00002828    00000018                                   : strcmp.obj (.text)
                  00002840    00000016                                   : strchr.obj (.text)
                  00002856    00000002     --HOLE-- [fill = 0]
                  00002858    00000014                                   : _lock.obj (.text)
                  0000286c    00000014                                   : s_copysign.obj (.text)
                  00002880    00000014                                   : strcpy.obj (.text)
                  00002894    00000014                                   : strlen.obj (.text)
                  000028a8    00000010     lcd_stepper.obj (.text:lcd_clear)
                  000028b8    0000000e     rtsv7M4_T_le_v4SPD16_eabi.lib : copy_decompress_none.obj (.text:decompress:none)
                  000028c6    0000000c                                   : copy_zero_init.obj (.text:decompress:ZI)
                  000028d2    0000000c     tm4c123gh6pm_startup_ccs.obj (.text)
                  000028de    00000004     rtsv7M4_T_le_v4SPD16_eabi.lib : pre_init.obj (.text)

.const     0    000028e2    00000109     
                  000028e2    00000101     rtsv7M4_T_le_v4SPD16_eabi.lib : ctype.obj (.const:.string:_ctypes_)
                  000029e3    00000004     lcd_stepper.obj (.const:.string:lineAddress$1)
                  000029e7    00000004     lcd_stepper.obj (.const:.string:lineAddresses$2)

.cinit     0    000029f0    00000038     
                  000029f0    00000012     (.cinit..data.load) [load image, compression = lzss]
                  00002a02    00000002     --HOLE-- [fill = 0]
                  00002a04    0000000c     (__TI_handler_table)
                  00002a10    00000008     (.cinit..bss.load) [load image, compression = zero_init]
                  00002a18    00000010     (__TI_cinit_table)

.init_array 
*          0    00000000    00000000     UNINITIALIZED

.stack     0    20000000    00000400     UNINITIALIZED
                  20000000    00000400     --HOLE--

.bss       0    20000400    00000055     UNINITIALIZED
                  20000400    00000054     lcd_stepper.obj (.bss:lastbuffer$3)
                  20000454    00000001     (.common:_prevButton)

.data      0    20000458    0000001e     UNINITIALIZED
                  20000458    0000000c     rtsv7M4_T_le_v4SPD16_eabi.lib : exit.obj (.data:$O1$$)
                  20000464    00000008                                   : _lock.obj (.data:$O1$$)
                  2000046c    00000004                                   : errno.obj (.data)
                  20000470    00000004                                   : stkdepth_vars.obj (.data)
                  20000474    00000001     button.obj (.data)
                  20000475    00000001     lab3_template.obj (.data)

MODULE SUMMARY

       Module                         code   ro data   rw data
       ------                         ----   -------   -------
    .\
       lcd_stepper.obj                836    8         84     
       tm4c123gh6pm_startup_ccs.obj   12     620       0      
       lab3_template.obj              496    0         1      
       Timer.obj                      344    0         0      
       button.obj                     252    0         2      
    +--+------------------------------+------+---------+---------+
       Total:                         1940   628       87     
                                                              
    C:\ti\ccsv7\tools\compiler\ti-cgt-arm_16.9.6.LTS\lib\rtsv7M4_T_le_v4SPD16_eabi.lib
       _printfi.obj                   4414   0         0      
       ull_div_t2.obj                 500    0         0      
       fd_add_t2.obj                  438    0         0      
       fd_div_t2.obj                  310    0         0      
       fd_cmp_t2.obj                  268    0         0      
       ctype.obj                      0      257       0      
       fd_mul_t2.obj                  252    0         0      
       s_scalbn.obj                   252    0         0      
       memcpy_t2.obj                  156    0         0      
       vsnprintf.obj                  136    0         0      
       memset_t2.obj                  122    0         0      
       autoinit.obj                   112    0         0      
       copy_decompress_lzss.obj       104    0         0      
       s_frexp.obj                    100    0         0      
       exit.obj                       84     0         12     
       boot.obj                       84     0         0      
       ltoa.obj                       84     0         0      
       atoi.obj                       76     0         0      
       cpy_tbl.obj                    76     0         0      
       fd_toi_t2.obj                  72     0         0      
       i_tofd_t2.obj                  46     0         0      
       _lock.obj                      20     0         8      
       memccpy.obj                    28     0         0      
       args_main.obj                  24     0         0      
       strcmp.obj                     24     0         0      
       strchr.obj                     22     0         0      
       s_copysign.obj                 20     0         0      
       strcpy.obj                     20     0         0      
       strlen.obj                     20     0         0      
       copy_decompress_none.obj       14     0         0      
       copy_zero_init.obj             12     0         0      
       errno.obj                      0      0         4      
       pre_init.obj                   4      0         0      
       stkdepth_vars.obj              0      0         4      
       mpu_init.obj                   2      0         0      
       startup.obj                    2      0         0      
    +--+------------------------------+------+---------+---------+
       Total:                         7898   257       28     
                                                              
       Stack:                         0      0         1024   
       Linker Generated:              0      54        0      
    +--+------------------------------+------+---------+---------+
       Grand Total:                   9838   939       1139   


LINKER GENERATED COPY TABLES

__TI_cinit_table @ 00002a18 records: 2, size/record: 8, table size: 16
	.data: load addr=000029f0, load size=00000012 bytes, run addr=20000458, run size=0000001e bytes, compression=lzss
	.bss: load addr=00002a10, load size=00000008 bytes, run addr=20000400, run size=00000055 bytes, compression=zero_init


LINKER GENERATED HANDLER TABLE

__TI_handler_table @ 00002a04 records: 3, size/record: 4, table size: 12
	index: 0, handler: __TI_decompress_lzss
	index: 1, handler: __TI_decompress_none
	index: 2, handler: __TI_zero_init


GLOBAL SYMBOLS: SORTED ALPHABETICALLY BY Name 

address   name                           
-------   ----                           
0000263d  C$$EXIT                        
000028d3  ResetISR                       
UNDEFED   SHT$$INIT_ARRAY$$Base          
UNDEFED   SHT$$INIT_ARRAY$$Limit         
20000400  __STACK_END                    
00000400  __STACK_SIZE                   
20000200  __STACK_TOP                    
00002a18  __TI_CINIT_Base                
00002a28  __TI_CINIT_Limit               
00002a04  __TI_Handler_Table_Base        
00002a10  __TI_Handler_Table_Limit       
000024ad  __TI_auto_init                 
20000458  __TI_cleanup_ptr               
0000251d  __TI_decompress_lzss           
000028b9  __TI_decompress_none           
2000045c  __TI_dtors_ptr                 
20000460  __TI_enable_exit_profile_output
ffffffff  __TI_pprof_out_hndl            
00000ab1  __TI_printfi                   
ffffffff  __TI_prof_data_size            
ffffffff  __TI_prof_data_start           
00000000  __TI_static_base__             
000028c7  __TI_zero_init                 
00002325  __aeabi_cdcmpeq                
00002325  __aeabi_cdcmple                
000023ab  __aeabi_cdrcmple               
0000277d  __aeabi_d2iz                   
00001acf  __aeabi_dadd                   
00001dd5  __aeabi_ddiv                   
00002009  __aeabi_dmul                   
00001ac5  __aeabi_dsub                   
000027c5  __aeabi_i2d                    
00002431  __aeabi_memclr                 
00002431  __aeabi_memclr4                
00002431  __aeabi_memclr8                
00002201  __aeabi_memcpy                 
00002201  __aeabi_memcpy4                
00002201  __aeabi_memcpy8                
00002433  __aeabi_memset                 
00002433  __aeabi_memset4                
00002433  __aeabi_memset8                
000016e1  __aeabi_uldivmod               
ffffffff  __binit__                      
ffffffff  __c_args__                     
000013ab  __mpu_init                     
20000000  __stack                        
00002811  _args_main                     
000025e9  _c_int00                       
000028e2  _ctypes_                       
20000464  _lock                          
00002867  _nop                           
20000454  _prevButton                    
0000285f  _register_lock                 
00002859  _register_unlock               
00001c7b  _system_post_cinit             
000028df  _system_pre_init               
20000468  _unlock                        
00002641  abort                          
000026e5  atoi                           
ffffffff  binit                          
00001f39  button_checkButtons            
00001f43  button_getButton               
00001f9b  button_getButtonBlocking       
00001faf  button_getButtonChange         
00001fd9  button_getButtonChangeBlocking 
00001f0d  button_init                    
00002731  copy_in                        
0000286d  copysign                       
0000286d  copysignl                      
2000046c  errno                          
00002649  exit                           
00002585  frexp                          
00002585  frexpl                         
00000000  g_pfnVectors                   
000028a9  lcd_clear                      
0000158d  lcd_gotoLine                   
000013e9  lcd_init                       
000015f3  lcd_printf                     
000014a9  lcd_putc                       
000014e1  lcd_puts                       
000013ad  lcd_reverseNibble              
000014ff  lcd_sendCommand                
0000153d  lcd_sendNibble                 
000015b5  lcd_setCursorPos               
00002105  ldexp                          
00002105  ldexpl                         
00002691  ltoa                           
00001a45  main                           
20000470  main_func_sp                   
000027f3  memccpy                        
00002201  memcpy                         
00002439  memset                         
0000197b  move_stepper_motor_by_step     
000018ff  read_shaft_encoder             
00002105  scalbn                         
00002105  scalbnl                        
000018d5  shaft_encoder_init             
00001949  stepper_init                   
00002841  strchr                         
00002829  strcmp                         
00002881  strcpy                         
00002895  strlen                         
00001d8d  timer_getClock                 
00001d41  timer_startClock               
00001cdb  timer_startTimer               
00001d93  timer_stopClock                
00001d2b  timer_stopTimer                
00001cb1  timer_waitMicros               
00001c7d  timer_waitMillis               
0000229d  vsnprintf                      


GLOBAL SYMBOLS: SORTED BY Symbol Address 

address   name                           
-------   ----                           
00000000  __TI_static_base__             
00000000  g_pfnVectors                   
00000400  __STACK_SIZE                   
00000ab1  __TI_printfi                   
000013ab  __mpu_init                     
000013ad  lcd_reverseNibble              
000013e9  lcd_init                       
000014a9  lcd_putc                       
000014e1  lcd_puts                       
000014ff  lcd_sendCommand                
0000153d  lcd_sendNibble                 
0000158d  lcd_gotoLine                   
000015b5  lcd_setCursorPos               
000015f3  lcd_printf                     
000016e1  __aeabi_uldivmod               
000018d5  shaft_encoder_init             
000018ff  read_shaft_encoder             
00001949  stepper_init                   
0000197b  move_stepper_motor_by_step     
00001a45  main                           
00001ac5  __aeabi_dsub                   
00001acf  __aeabi_dadd                   
00001c7b  _system_post_cinit             
00001c7d  timer_waitMillis               
00001cb1  timer_waitMicros               
00001cdb  timer_startTimer               
00001d2b  timer_stopTimer                
00001d41  timer_startClock               
00001d8d  timer_getClock                 
00001d93  timer_stopClock                
00001dd5  __aeabi_ddiv                   
00001f0d  button_init                    
00001f39  button_checkButtons            
00001f43  button_getButton               
00001f9b  button_getButtonBlocking       
00001faf  button_getButtonChange         
00001fd9  button_getButtonChangeBlocking 
00002009  __aeabi_dmul                   
00002105  ldexp                          
00002105  ldexpl                         
00002105  scalbn                         
00002105  scalbnl                        
00002201  __aeabi_memcpy                 
00002201  __aeabi_memcpy4                
00002201  __aeabi_memcpy8                
00002201  memcpy                         
0000229d  vsnprintf                      
00002325  __aeabi_cdcmpeq                
00002325  __aeabi_cdcmple                
000023ab  __aeabi_cdrcmple               
00002431  __aeabi_memclr                 
00002431  __aeabi_memclr4                
00002431  __aeabi_memclr8                
00002433  __aeabi_memset                 
00002433  __aeabi_memset4                
00002433  __aeabi_memset8                
00002439  memset                         
000024ad  __TI_auto_init                 
0000251d  __TI_decompress_lzss           
00002585  frexp                          
00002585  frexpl                         
000025e9  _c_int00                       
0000263d  C$$EXIT                        
00002641  abort                          
00002649  exit                           
00002691  ltoa                           
000026e5  atoi                           
00002731  copy_in                        
0000277d  __aeabi_d2iz                   
000027c5  __aeabi_i2d                    
000027f3  memccpy                        
00002811  _args_main                     
00002829  strcmp                         
00002841  strchr                         
00002859  _register_unlock               
0000285f  _register_lock                 
00002867  _nop                           
0000286d  copysign                       
0000286d  copysignl                      
00002881  strcpy                         
00002895  strlen                         
000028a9  lcd_clear                      
000028b9  __TI_decompress_none           
000028c7  __TI_zero_init                 
000028d3  ResetISR                       
000028df  _system_pre_init               
000028e2  _ctypes_                       
00002a04  __TI_Handler_Table_Base        
00002a10  __TI_Handler_Table_Limit       
00002a18  __TI_CINIT_Base                
00002a28  __TI_CINIT_Limit               
20000000  __stack                        
20000200  __STACK_TOP                    
20000400  __STACK_END                    
20000454  _prevButton                    
20000458  __TI_cleanup_ptr               
2000045c  __TI_dtors_ptr                 
20000460  __TI_enable_exit_profile_output
20000464  _lock                          
20000468  _unlock                        
2000046c  errno                          
20000470  main_func_sp                   
ffffffff  __TI_pprof_out_hndl            
ffffffff  __TI_prof_data_size            
ffffffff  __TI_prof_data_start           
ffffffff  __binit__                      
ffffffff  __c_args__                     
ffffffff  binit                          
UNDEFED   SHT$$INIT_ARRAY$$Base          
UNDEFED   SHT$$INIT_ARRAY$$Limit         

[110 symbols]
