******************************************************************************
                  TI ARM Linker PC v16.9.1                     
******************************************************************************
>> Linked Thu Feb 15 15:18:00 2018

OUTPUT FILE NAME:   <uart_lab.out>
ENTRY POINT SYMBOL: "_c_int00"  address: 00002499


MEMORY CONFIGURATION

         name            origin    length      used     unused   attr    fill
----------------------  --------  ---------  --------  --------  ----  --------
  FLASH                 00000000   00040000  000028d3  0003d72d  R  X
  SRAM                  20000000   00008000  00000470  00007b90  RW X


SEGMENT ALLOCATION MAP

run origin  load origin   length   init length attrs members
----------  ----------- ---------- ----------- ----- -------
00000000    00000000    000028d8   000028d8    r-x
  00000000    00000000    0000026c   0000026c    r-- .intvecs
  0000026c    0000026c    00002526   00002526    r-x .text
  00002792    00002792    00000109   00000109    r-- .const
  000028a0    000028a0    00000038   00000038    r-- .cinit
20000000    20000000    00000470   00000000    rw-
  20000000    20000000    00000400   00000000    rw- .stack
  20000400    20000400    00000054   00000000    rw- .bss
  20000454    20000454    0000001c   00000000    rw- .data


SECTION ALLOCATION MAP

 output                                  attributes/
section   page    origin      length       input sections
--------  ----  ----------  ----------   ----------------
.intvecs   0    00000000    0000026c     
                  00000000    0000026c     tm4c123gh6pm_startup_ccs.obj (.intvecs)

.text      0    0000026c    00002526     
                  0000026c    0000113e     rtsv7M4_T_le_v4SPD16_eabi.lib : _printfi.obj (.text)
                  000013aa    00000002                                   : mpu_init.obj (.text)
                  000013ac    000002ec     lcd.obj (.text)
                  00001698    000001f4     rtsv7M4_T_le_v4SPD16_eabi.lib : ull_div_t2.obj (.text)
                  0000188c    000001b6                                   : fd_add_t2.obj (.text)
                  00001a42    00000002                                   : startup.obj (.text)
                  00001a44    00000158     Timer.obj (.text)
                  00001b9c    00000136     rtsv7M4_T_le_v4SPD16_eabi.lib : fd_div_t2.obj (.text)
                  00001cd2    00000002     --HOLE-- [fill = 0]
                  00001cd4    00000118     uart.obj (.text)
                  00001dec    000000fc     rtsv7M4_T_le_v4SPD16_eabi.lib : fd_mul_t2.obj (.text)
                  00001ee8    000000fc                                   : s_scalbn.obj (.text)
                  00001fe4    000000ca     uart_lab.obj (.text)
                  000020ae    0000009c     rtsv7M4_T_le_v4SPD16_eabi.lib : memcpy_t2.obj (.text)
                  0000214a    00000002     --HOLE-- [fill = 0]
                  0000214c    00000088                                   : vsnprintf.obj (.text)
                  000021d4    00000086                                   : fd_cmp_t2.obj (.text:__aeabi_cdcmple)
                  0000225a    00000086                                   : fd_cmp_t2.obj (.text:__aeabi_cdrcmple)
                  000022e0    0000007a                                   : memset_t2.obj (.text)
                  0000235a    00000002     --HOLE-- [fill = 0]
                  0000235c    00000070                                   : autoinit.obj (.text)
                  000023cc    00000068                                   : copy_decompress_lzss.obj (.text:decompress:lzss)
                  00002434    00000064                                   : s_frexp.obj (.text)
                  00002498    00000054                                   : boot.obj (.text)
                  000024ec    00000054                                   : exit.obj (.text)
                  00002540    00000054                                   : ltoa.obj (.text)
                  00002594    0000004c                                   : atoi.obj (.text)
                  000025e0    0000004c                                   : cpy_tbl.obj (.text)
                  0000262c    00000048                                   : fd_toi_t2.obj (.text)
                  00002674    0000002e                                   : i_tofd_t2.obj (.text)
                  000026a2    0000001c                                   : memccpy.obj (.text)
                  000026be    00000002     --HOLE-- [fill = 0]
                  000026c0    00000018                                   : args_main.obj (.text)
                  000026d8    00000018                                   : strcmp.obj (.text)
                  000026f0    00000016                                   : strchr.obj (.text)
                  00002706    00000002     --HOLE-- [fill = 0]
                  00002708    00000014                                   : _lock.obj (.text)
                  0000271c    00000014                                   : s_copysign.obj (.text)
                  00002730    00000014                                   : strcpy.obj (.text)
                  00002744    00000014                                   : strlen.obj (.text)
                  00002758    00000010     lcd.obj (.text:lcd_clear)
                  00002768    0000000e     rtsv7M4_T_le_v4SPD16_eabi.lib : copy_decompress_none.obj (.text:decompress:none)
                  00002776    0000000c                                   : copy_zero_init.obj (.text:decompress:ZI)
                  00002782    0000000c     tm4c123gh6pm_startup_ccs.obj (.text)
                  0000278e    00000004     rtsv7M4_T_le_v4SPD16_eabi.lib : pre_init.obj (.text)

.const     0    00002792    00000109     
                  00002792    00000101     rtsv7M4_T_le_v4SPD16_eabi.lib : ctype.obj (.const:.string:_ctypes_)
                  00002893    00000004     lcd.obj (.const:.string:lineAddress$1)
                  00002897    00000004     lcd.obj (.const:.string:lineAddresses$2)

.cinit     0    000028a0    00000038     
                  000028a0    00000011     (.cinit..data.load) [load image, compression = lzss]
                  000028b1    00000003     --HOLE-- [fill = 0]
                  000028b4    0000000c     (__TI_handler_table)
                  000028c0    00000008     (.cinit..bss.load) [load image, compression = zero_init]
                  000028c8    00000010     (__TI_cinit_table)

.init_array 
*          0    00000000    00000000     UNINITIALIZED

.stack     0    20000000    00000400     UNINITIALIZED
                  20000000    00000400     --HOLE--

.bss       0    20000400    00000054     UNINITIALIZED
                  20000400    00000054     lcd.obj (.bss:lastbuffer$3)

.data      0    20000454    0000001c     UNINITIALIZED
                  20000454    0000000c     rtsv7M4_T_le_v4SPD16_eabi.lib : exit.obj (.data:$O1$$)
                  20000460    00000008                                   : _lock.obj (.data:$O1$$)
                  20000468    00000004                                   : errno.obj (.data)
                  2000046c    00000004                                   : stkdepth_vars.obj (.data)

MODULE SUMMARY

       Module                         code   ro data   rw data
       ------                         ----   -------   -------
    .\
       lcd.obj                        764    8         84     
       tm4c123gh6pm_startup_ccs.obj   12     620       0      
       Timer.obj                      344    0         0      
       uart.obj                       280    0         0      
       uart_lab.obj                   202    0         0      
    +--+------------------------------+------+---------+---------+
       Total:                         1602   628       84     
                                                              
    C:\ti\ccsv7\tools\compiler\ti-cgt-arm_16.9.1.LTS\lib\rtsv7M4_T_le_v4SPD16_eabi.lib
       _printfi.obj                   4414   0         0      
       ull_div_t2.obj                 500    0         0      
       fd_add_t2.obj                  438    0         0      
       fd_div_t2.obj                  310    0         0      
       fd_cmp_t2.obj                  268    0         0      
       ctype.obj                      0      257       0      
       fd_mul_t2.obj                  252    0         0      
       s_scalbn.obj                   252    0         0      
       memcpy_t2.obj                  156    0         0      
       vsnprintf.obj                  136    0         0      
       memset_t2.obj                  122    0         0      
       autoinit.obj                   112    0         0      
       copy_decompress_lzss.obj       104    0         0      
       s_frexp.obj                    100    0         0      
       exit.obj                       84     0         12     
       boot.obj                       84     0         0      
       ltoa.obj                       84     0         0      
       atoi.obj                       76     0         0      
       cpy_tbl.obj                    76     0         0      
       fd_toi_t2.obj                  72     0         0      
       i_tofd_t2.obj                  46     0         0      
       _lock.obj                      20     0         8      
       memccpy.obj                    28     0         0      
       args_main.obj                  24     0         0      
       strcmp.obj                     24     0         0      
       strchr.obj                     22     0         0      
       s_copysign.obj                 20     0         0      
       strcpy.obj                     20     0         0      
       strlen.obj                     20     0         0      
       copy_decompress_none.obj       14     0         0      
       copy_zero_init.obj             12     0         0      
       errno.obj                      0      0         4      
       pre_init.obj                   4      0         0      
       stkdepth_vars.obj              0      0         4      
       mpu_init.obj                   2      0         0      
       startup.obj                    2      0         0      
    +--+------------------------------+------+---------+---------+
       Total:                         7898   257       28     
                                                              
       Stack:                         0      0         1024   
       Linker Generated:              0      53        0      
    +--+------------------------------+------+---------+---------+
       Grand Total:                   9500   938       1136   


LINKER GENERATED COPY TABLES

__TI_cinit_table @ 000028c8 records: 2, size/record: 8, table size: 16
	.data: load addr=000028a0, load size=00000011 bytes, run addr=20000454, run size=0000001c bytes, compression=lzss
	.bss: load addr=000028c0, load size=00000008 bytes, run addr=20000400, run size=00000054 bytes, compression=zero_init


LINKER GENERATED HANDLER TABLE

__TI_handler_table @ 000028b4 records: 3, size/record: 4, table size: 12
	index: 0, handler: __TI_decompress_lzss
	index: 1, handler: __TI_decompress_none
	index: 2, handler: __TI_zero_init


GLOBAL SYMBOLS: SORTED ALPHABETICALLY BY Name 

address   name                           
-------   ----                           
000024ed  C$$EXIT                        
00002783  ResetISR                       
UNDEFED   SHT$$INIT_ARRAY$$Base          
UNDEFED   SHT$$INIT_ARRAY$$Limit         
20000400  __STACK_END                    
00000400  __STACK_SIZE                   
20000200  __STACK_TOP                    
000028c8  __TI_CINIT_Base                
000028d8  __TI_CINIT_Limit               
000028b4  __TI_Handler_Table_Base        
000028c0  __TI_Handler_Table_Limit       
0000235d  __TI_auto_init                 
20000454  __TI_cleanup_ptr               
000023cd  __TI_decompress_lzss           
00002769  __TI_decompress_none           
20000458  __TI_dtors_ptr                 
2000045c  __TI_enable_exit_profile_output
ffffffff  __TI_pprof_out_hndl            
00000ab1  __TI_printfi                   
ffffffff  __TI_prof_data_size            
ffffffff  __TI_prof_data_start           
00000000  __TI_static_base__             
00002777  __TI_zero_init                 
000021d5  __aeabi_cdcmpeq                
000021d5  __aeabi_cdcmple                
0000225b  __aeabi_cdrcmple               
0000262d  __aeabi_d2iz                   
00001897  __aeabi_dadd                   
00001b9d  __aeabi_ddiv                   
00001ded  __aeabi_dmul                   
0000188d  __aeabi_dsub                   
00002675  __aeabi_i2d                    
000022e1  __aeabi_memclr                 
000022e1  __aeabi_memclr4                
000022e1  __aeabi_memclr8                
000020af  __aeabi_memcpy                 
000020af  __aeabi_memcpy4                
000020af  __aeabi_memcpy8                
000022e3  __aeabi_memset                 
000022e3  __aeabi_memset4                
000022e3  __aeabi_memset8                
00001699  __aeabi_uldivmod               
ffffffff  __binit__                      
ffffffff  __c_args__                     
000013ab  __mpu_init                     
20000000  __stack                        
000026c1  _args_main                     
00002499  _c_int00                       
00002792  _ctypes_                       
20000460  _lock                          
00002717  _nop                           
0000270f  _register_lock                 
00002709  _register_unlock               
00001a43  _system_post_cinit             
0000278f  _system_pre_init               
20000464  _unlock                        
000024f1  abort                          
00002595  atoi                           
ffffffff  binit                          
000025e1  copy_in                        
0000271d  copysign                       
0000271d  copysignl                      
20000468  errno                          
000024f9  exit                           
00002435  frexp                          
00002435  frexpl                         
00000000  g_pfnVectors                   
00002759  lcd_clear                      
00001545  lcd_gotoLine                   
000013ad  lcd_init                       
000015ab  lcd_printf                     
0000146d  lcd_putc                       
000014a5  lcd_puts                       
000014c3  lcd_sendCommand                
00001501  lcd_sendNibble                 
0000156d  lcd_setCursorPos               
00001ee9  ldexp                          
00001ee9  ldexpl                         
00002541  ltoa                           
00001fe5  main                           
2000046c  main_func_sp                   
000026a3  memccpy                        
000020af  memcpy                         
000022e9  memset                         
00001ee9  scalbn                         
00001ee9  scalbnl                        
000026f1  strchr                         
000026d9  strcmp                         
00002731  strcpy                         
00002745  strlen                         
00001b55  timer_getClock                 
00001b09  timer_startClock               
00001aa3  timer_startTimer               
00001b5b  timer_stopClock                
00001af3  timer_stopTimer                
00001a79  timer_waitMicros               
00001a45  timer_waitMillis               
00001cd5  uart_init                      
00001d79  uart_receive                   
00001d5d  uart_sendChar                  
00001d9f  uart_sendStr                   
0000214d  vsnprintf                      


GLOBAL SYMBOLS: SORTED BY Symbol Address 

address   name                           
-------   ----                           
00000000  __TI_static_base__             
00000000  g_pfnVectors                   
00000400  __STACK_SIZE                   
00000ab1  __TI_printfi                   
000013ab  __mpu_init                     
000013ad  lcd_init                       
0000146d  lcd_putc                       
000014a5  lcd_puts                       
000014c3  lcd_sendCommand                
00001501  lcd_sendNibble                 
00001545  lcd_gotoLine                   
0000156d  lcd_setCursorPos               
000015ab  lcd_printf                     
00001699  __aeabi_uldivmod               
0000188d  __aeabi_dsub                   
00001897  __aeabi_dadd                   
00001a43  _system_post_cinit             
00001a45  timer_waitMillis               
00001a79  timer_waitMicros               
00001aa3  timer_startTimer               
00001af3  timer_stopTimer                
00001b09  timer_startClock               
00001b55  timer_getClock                 
00001b5b  timer_stopClock                
00001b9d  __aeabi_ddiv                   
00001cd5  uart_init                      
00001d5d  uart_sendChar                  
00001d79  uart_receive                   
00001d9f  uart_sendStr                   
00001ded  __aeabi_dmul                   
00001ee9  ldexp                          
00001ee9  ldexpl                         
00001ee9  scalbn                         
00001ee9  scalbnl                        
00001fe5  main                           
000020af  __aeabi_memcpy                 
000020af  __aeabi_memcpy4                
000020af  __aeabi_memcpy8                
000020af  memcpy                         
0000214d  vsnprintf                      
000021d5  __aeabi_cdcmpeq                
000021d5  __aeabi_cdcmple                
0000225b  __aeabi_cdrcmple               
000022e1  __aeabi_memclr                 
000022e1  __aeabi_memclr4                
000022e1  __aeabi_memclr8                
000022e3  __aeabi_memset                 
000022e3  __aeabi_memset4                
000022e3  __aeabi_memset8                
000022e9  memset                         
0000235d  __TI_auto_init                 
000023cd  __TI_decompress_lzss           
00002435  frexp                          
00002435  frexpl                         
00002499  _c_int00                       
000024ed  C$$EXIT                        
000024f1  abort                          
000024f9  exit                           
00002541  ltoa                           
00002595  atoi                           
000025e1  copy_in                        
0000262d  __aeabi_d2iz                   
00002675  __aeabi_i2d                    
000026a3  memccpy                        
000026c1  _args_main                     
000026d9  strcmp                         
000026f1  strchr                         
00002709  _register_unlock               
0000270f  _register_lock                 
00002717  _nop                           
0000271d  copysign                       
0000271d  copysignl                      
00002731  strcpy                         
00002745  strlen                         
00002759  lcd_clear                      
00002769  __TI_decompress_none           
00002777  __TI_zero_init                 
00002783  ResetISR                       
0000278f  _system_pre_init               
00002792  _ctypes_                       
000028b4  __TI_Handler_Table_Base        
000028c0  __TI_Handler_Table_Limit       
000028c8  __TI_CINIT_Base                
000028d8  __TI_CINIT_Limit               
20000000  __stack                        
20000200  __STACK_TOP                    
20000400  __STACK_END                    
20000454  __TI_cleanup_ptr               
20000458  __TI_dtors_ptr                 
2000045c  __TI_enable_exit_profile_output
20000460  _lock                          
20000464  _unlock                        
20000468  errno                          
2000046c  main_func_sp                   
ffffffff  __TI_pprof_out_hndl            
ffffffff  __TI_prof_data_size            
ffffffff  __TI_prof_data_start           
ffffffff  __binit__                      
ffffffff  __c_args__                     
ffffffff  binit                          
UNDEFED   SHT$$INIT_ARRAY$$Base          
UNDEFED   SHT$$INIT_ARRAY$$Limit         

[102 symbols]
